2026-04-29 12:35:07.908 INFO  [restartedMain] c.e.p.ProductServiceApplication - Starting ProductServiceApplication using Java 21.0.10 with PID 9537 (/Users/nikitasuryawanshi/Projects/Order and Inventory Management System/Ecommerce/Ecom_Backend/product-service/target/classes started by nikitasuryawanshi in /Users/nikitasuryawanshi/Projects/Order and Inventory Management System/Ecommerce/Ecom_Backend/product-service)
2026-04-29 12:35:07.911 INFO  [restartedMain] c.e.p.ProductServiceApplication - No active profile set, falling back to 1 default profile: "default"
2026-04-29 12:35:07.926 INFO  [restartedMain] o.s.b.d.e.DevToolsPropertyDefaultsPostProcessor - Devtools property defaults active! Set 'spring.devtools.add-properties' to 'false' to disable
2026-04-29 12:35:07.926 INFO  [restartedMain] o.s.b.d.e.DevToolsPropertyDefaultsPostProcessor - For additional web related logging consider setting the 'logging.level.web' property to 'DEBUG'
2026-04-29 12:35:08.194 INFO  [restartedMain] o.s.d.r.c.RepositoryConfigurationDelegate - Bootstrapping Spring Data JPA repositories in DEFAULT mode.
2026-04-29 12:35:08.213 INFO  [restartedMain] o.s.d.r.c.RepositoryConfigurationDelegate - Finished Spring Data repository scanning in 14 ms. Found 3 JPA repository interfaces.
2026-04-29 12:35:08.371 INFO  [restartedMain] o.s.b.w.embedded.tomcat.TomcatWebServer - Tomcat initialized with port 4000 (http)
2026-04-29 12:35:08.375 INFO  [restartedMain] o.apache.coyote.http11.Http11NioProtocol - Initializing ProtocolHandler ["http-nio-4000"]
2026-04-29 12:35:08.376 INFO  [restartedMain] o.apache.catalina.core.StandardService - Starting service [Tomcat]
2026-04-29 12:35:08.376 INFO  [restartedMain] org.apache.catalina.core.StandardEngine - Starting Servlet engine: [Apache Tomcat/10.1.53]
2026-04-29 12:35:08.389 INFO  [restartedMain] o.a.c.c.C.[Tomcat].[localhost].[/] - Initializing Spring embedded WebApplicationContext
2026-04-29 12:35:08.389 INFO  [restartedMain] o.s.b.w.s.c.ServletWebServerApplicationContext - Root WebApplicationContext: initialization completed in 463 ms
2026-04-29 12:35:08.452 INFO  [restartedMain] o.hibernate.jpa.internal.util.LogHelper - HHH000204: Processing PersistenceUnitInfo [name: default]
2026-04-29 12:35:08.475 INFO  [restartedMain] org.hibernate.Version - HHH000412: Hibernate ORM core version 6.6.45.Final
2026-04-29 12:35:08.487 INFO  [restartedMain] o.h.c.internal.RegionFactoryInitiator - HHH000026: Second-level cache disabled
2026-04-29 12:35:08.582 INFO  [restartedMain] o.s.o.j.p.SpringPersistenceUnitInfo - No LoadTimeWeaver setup: ignoring JPA class transformer
2026-04-29 12:35:08.592 INFO  [restartedMain] com.zaxxer.hikari.HikariDataSource - HikariPool-1 - Starting...
2026-04-29 12:35:08.647 INFO  [restartedMain] com.zaxxer.hikari.pool.HikariPool - HikariPool-1 - Added connection org.postgresql.jdbc.PgConnection@183e20fa
2026-04-29 12:35:08.648 INFO  [restartedMain] com.zaxxer.hikari.HikariDataSource - HikariPool-1 - Start completed.
2026-04-29 12:35:08.669 INFO  [restartedMain] org.hibernate.orm.connections.pooling - HHH10001005: Database info:
	Database JDBC URL [Connecting through datasource 'HikariDataSource (HikariPool-1)']
	Database driver: undefined/unknown
	Database version: 17.5
	Autocommit mode: undefined/unknown
	Isolation level: undefined/unknown
	Minimum pool size: undefined/unknown
	Maximum pool size: undefined/unknown
2026-04-29 12:35:08.981 INFO  [restartedMain] o.h.e.t.j.p.i.JtaPlatformInitiator - HHH000489: No JTA platform available (set 'hibernate.transaction.jta.platform' to enable JTA platform integration)
2026-04-29 12:35:09.013 INFO  [restartedMain] o.s.o.j.LocalContainerEntityManagerFactoryBean - Initialized JPA EntityManagerFactory for persistence unit 'default'
2026-04-29 12:35:09.088 INFO  [restartedMain] o.s.d.j.r.query.QueryEnhancerFactory - Hibernate is in classpath; If applicable, HQL parser will be used.
2026-04-29 12:35:09.475 INFO  [restartedMain] o.s.v.b.OptionalValidatorFactoryBean - Failed to set up a Bean Validation provider: jakarta.validation.NoProviderFoundException: Unable to create a Configuration, because no Jakarta Bean Validation provider could be found. Add a provider like Hibernate Validator (RI) to your classpath.
2026-04-29 12:35:09.607 INFO  [restartedMain] o.s.b.d.a.OptionalLiveReloadServer - LiveReload server is running on port 35729
2026-04-29 12:35:09.613 INFO  [restartedMain] o.apache.coyote.http11.Http11NioProtocol - Starting ProtocolHandler ["http-nio-4000"]
2026-04-29 12:35:09.619 INFO  [restartedMain] o.s.b.w.embedded.tomcat.TomcatWebServer - Tomcat started on port 4000 (http) with context path '/'
2026-04-29 12:35:09.622 INFO  [restartedMain] c.e.p.ProductServiceApplication - Started ProductServiceApplication in 1.916 seconds (process running for 2.165)
2026-04-29 12:35:22.166 INFO  [http-nio-4000-exec-2] o.a.c.c.C.[Tomcat].[localhost].[/] - Initializing Spring DispatcherServlet 'dispatcherServlet'
2026-04-29 12:35:22.166 INFO  [http-nio-4000-exec-2] o.s.web.servlet.DispatcherServlet - Initializing Servlet 'dispatcherServlet'
2026-04-29 12:35:22.166 INFO  [http-nio-4000-exec-2] o.s.web.servlet.DispatcherServlet - Completed initialization in 0 ms
2026-04-29 12:35:22.222 INFO  [http-nio-4000-exec-2] c.e.productservice.service.ProductQuery - CategoryStockInfoDto(categoryName=Accessories, categoryId=550e8400-e29b-41d4-a716-446655440003, totalCount=5, inStockCount=5, outOfStockCount=0)
2026-04-29 12:35:22.222 INFO  [http-nio-4000-exec-2] c.e.productservice.service.ProductQuery - CategoryStockInfoDto(categoryName=Cables, categoryId=550e8400-e29b-41d4-a716-446655440005, totalCount=3, inStockCount=3, outOfStockCount=0)
2026-04-29 12:35:22.222 INFO  [http-nio-4000-exec-2] c.e.productservice.service.ProductQuery - CategoryStockInfoDto(categoryName=Peripherals, categoryId=550e8400-e29b-41d4-a716-446655440006, totalCount=4, inStockCount=3, outOfStockCount=1)
2026-04-29 12:35:22.222 INFO  [http-nio-4000-exec-2] c.e.productservice.service.ProductQuery - CategoryStockInfoDto(categoryName=Lighting, categoryId=550e8400-e29b-41d4-a716-446655440004, totalCount=3, inStockCount=3, outOfStockCount=0)
2026-04-29 12:35:22.222 INFO  [http-nio-4000-exec-2] c.e.productservice.service.ProductQuery - CategoryStockInfoDto(categoryName=Audio, categoryId=550e8400-e29b-41d4-a716-446655440002, totalCount=5, inStockCount=4, outOfStockCount=1)
2026-04-29 12:46:20.243 INFO  [SpringApplicationShutdownHook] o.s.b.w.embedded.tomcat.GracefulShutdown - Commencing graceful shutdown. Waiting for active requests to complete
2026-04-29 12:46:20.246 INFO  [tomcat-shutdown] o.s.b.w.embedded.tomcat.GracefulShutdown - Graceful shutdown complete
2026-04-29 12:46:20.248 INFO  [SpringApplicationShutdownHook] o.s.o.j.LocalContainerEntityManagerFactoryBean - Closing JPA EntityManagerFactory for persistence unit 'default'
2026-04-29 12:46:20.250 INFO  [SpringApplicationShutdownHook] com.zaxxer.hikari.HikariDataSource - HikariPool-1 - Shutdown initiated...
2026-04-29 12:46:20.251 INFO  [SpringApplicationShutdownHook] com.zaxxer.hikari.HikariDataSource - HikariPool-1 - Shutdown completed.
2026-04-29 15:08:30.521 INFO  [restartedMain] c.e.p.ProductServiceApplication - Starting ProductServiceApplication using Java 21.0.10 with PID 11759 (/Users/nikitasuryawanshi/Projects/Order and Inventory Management System/Ecommerce/Ecom_Backend/product-service/target/classes started by nikitasuryawanshi in /Users/nikitasuryawanshi/Projects/Order and Inventory Management System/Ecommerce/Ecom_Backend/product-service)
2026-04-29 15:08:30.522 INFO  [restartedMain] c.e.p.ProductServiceApplication - No active profile set, falling back to 1 default profile: "default"
2026-04-29 15:08:30.535 INFO  [restartedMain] o.s.b.d.e.DevToolsPropertyDefaultsPostProcessor - Devtools property defaults active! Set 'spring.devtools.add-properties' to 'false' to disable
2026-04-29 15:08:30.535 INFO  [restartedMain] o.s.b.d.e.DevToolsPropertyDefaultsPostProcessor - For additional web related logging consider setting the 'logging.level.web' property to 'DEBUG'
2026-04-29 15:08:30.788 INFO  [restartedMain] o.s.d.r.c.RepositoryConfigurationDelegate - Bootstrapping Spring Data JPA repositories in DEFAULT mode.
2026-04-29 15:08:30.806 INFO  [restartedMain] o.s.d.r.c.RepositoryConfigurationDelegate - Finished Spring Data repository scanning in 15 ms. Found 3 JPA repository interfaces.
2026-04-29 15:08:30.961 INFO  [restartedMain] o.s.b.w.embedded.tomcat.TomcatWebServer - Tomcat initialized with port 4000 (http)
2026-04-29 15:08:30.965 INFO  [restartedMain] o.apache.coyote.http11.Http11NioProtocol - Initializing ProtocolHandler ["http-nio-4000"]
2026-04-29 15:08:30.966 INFO  [restartedMain] o.apache.catalina.core.StandardService - Starting service [Tomcat]
2026-04-29 15:08:30.966 INFO  [restartedMain] org.apache.catalina.core.StandardEngine - Starting Servlet engine: [Apache Tomcat/10.1.53]
2026-04-29 15:08:30.978 INFO  [restartedMain] o.a.c.c.C.[Tomcat].[localhost].[/] - Initializing Spring embedded WebApplicationContext
2026-04-29 15:08:30.979 INFO  [restartedMain] o.s.b.w.s.c.ServletWebServerApplicationContext - Root WebApplicationContext: initialization completed in 443 ms
2026-04-29 15:08:31.039 INFO  [restartedMain] o.hibernate.jpa.internal.util.LogHelper - HHH000204: Processing PersistenceUnitInfo [name: default]
2026-04-29 15:08:31.061 INFO  [restartedMain] org.hibernate.Version - HHH000412: Hibernate ORM core version 6.6.45.Final
2026-04-29 15:08:31.073 INFO  [restartedMain] o.h.c.internal.RegionFactoryInitiator - HHH000026: Second-level cache disabled
2026-04-29 15:08:31.163 INFO  [restartedMain] o.s.o.j.p.SpringPersistenceUnitInfo - No LoadTimeWeaver setup: ignoring JPA class transformer
2026-04-29 15:08:31.173 INFO  [restartedMain] com.zaxxer.hikari.HikariDataSource - HikariPool-1 - Starting...
2026-04-29 15:08:31.228 INFO  [restartedMain] com.zaxxer.hikari.pool.HikariPool - HikariPool-1 - Added connection org.postgresql.jdbc.PgConnection@68ab7f8a
2026-04-29 15:08:31.228 INFO  [restartedMain] com.zaxxer.hikari.HikariDataSource - HikariPool-1 - Start completed.
2026-04-29 15:08:31.248 INFO  [restartedMain] org.hibernate.orm.connections.pooling - HHH10001005: Database info:
	Database JDBC URL [Connecting through datasource 'HikariDataSource (HikariPool-1)']
	Database driver: undefined/unknown
	Database version: 17.5
	Autocommit mode: undefined/unknown
	Isolation level: undefined/unknown
	Minimum pool size: undefined/unknown
	Maximum pool size: undefined/unknown
2026-04-29 15:08:31.572 INFO  [restartedMain] o.h.e.t.j.p.i.JtaPlatformInitiator - HHH000489: No JTA platform available (set 'hibernate.transaction.jta.platform' to enable JTA platform integration)
2026-04-29 15:08:31.601 INFO  [restartedMain] o.s.o.j.LocalContainerEntityManagerFactoryBean - Initialized JPA EntityManagerFactory for persistence unit 'default'
2026-04-29 15:08:31.673 INFO  [restartedMain] o.s.d.j.r.query.QueryEnhancerFactory - Hibernate is in classpath; If applicable, HQL parser will be used.
2026-04-29 15:08:32.067 INFO  [restartedMain] o.s.v.b.OptionalValidatorFactoryBean - Failed to set up a Bean Validation provider: jakarta.validation.NoProviderFoundException: Unable to create a Configuration, because no Jakarta Bean Validation provider could be found. Add a provider like Hibernate Validator (RI) to your classpath.
2026-04-29 15:08:32.195 INFO  [restartedMain] o.s.b.d.a.OptionalLiveReloadServer - LiveReload server is running on port 35729
2026-04-29 15:08:32.201 INFO  [restartedMain] o.apache.coyote.http11.Http11NioProtocol - Starting ProtocolHandler ["http-nio-4000"]
2026-04-29 15:08:32.207 INFO  [restartedMain] o.s.b.w.embedded.tomcat.TomcatWebServer - Tomcat started on port 4000 (http) with context path '/'
2026-04-29 15:08:32.210 INFO  [restartedMain] c.e.p.ProductServiceApplication - Started ProductServiceApplication in 1.885 seconds (process running for 2.134)
2026-04-29 15:08:39.042 INFO  [http-nio-4000-exec-1] o.a.c.c.C.[Tomcat].[localhost].[/] - Initializing Spring DispatcherServlet 'dispatcherServlet'
2026-04-29 15:08:39.042 INFO  [http-nio-4000-exec-1] o.s.web.servlet.DispatcherServlet - Initializing Servlet 'dispatcherServlet'
2026-04-29 15:08:39.044 INFO  [http-nio-4000-exec-1] o.s.web.servlet.DispatcherServlet - Completed initialization in 2 ms
2026-04-29 15:08:39.106 INFO  [http-nio-4000-exec-1] c.e.productservice.service.ProductQuery - CategoryStockInfoDto(categoryName=Accessories, categoryId=550e8400-e29b-41d4-a716-446655440003, totalCount=5, inStockCount=5, outOfStockCount=0)
2026-04-29 15:08:39.107 INFO  [http-nio-4000-exec-1] c.e.productservice.service.ProductQuery - CategoryStockInfoDto(categoryName=Cables, categoryId=550e8400-e29b-41d4-a716-446655440005, totalCount=3, inStockCount=3, outOfStockCount=0)
2026-04-29 15:08:39.107 INFO  [http-nio-4000-exec-1] c.e.productservice.service.ProductQuery - CategoryStockInfoDto(categoryName=Peripherals, categoryId=550e8400-e29b-41d4-a716-446655440006, totalCount=4, inStockCount=3, outOfStockCount=1)
2026-04-29 15:08:39.107 INFO  [http-nio-4000-exec-1] c.e.productservice.service.ProductQuery - CategoryStockInfoDto(categoryName=Lighting, categoryId=550e8400-e29b-41d4-a716-446655440004, totalCount=3, inStockCount=3, outOfStockCount=0)
2026-04-29 15:08:39.107 INFO  [http-nio-4000-exec-1] c.e.productservice.service.ProductQuery - CategoryStockInfoDto(categoryName=Audio, categoryId=550e8400-e29b-41d4-a716-446655440002, totalCount=5, inStockCount=4, outOfStockCount=1)
2026-04-29 15:08:39.130 INFO  [http-nio-4000-exec-2] c.e.productservice.service.ProductQuery - CategoryStockInfoDto(categoryName=Accessories, categoryId=550e8400-e29b-41d4-a716-446655440003, totalCount=5, inStockCount=5, outOfStockCount=0)
2026-04-29 15:08:39.130 INFO  [http-nio-4000-exec-2] c.e.productservice.service.ProductQuery - CategoryStockInfoDto(categoryName=Cables, categoryId=550e8400-e29b-41d4-a716-446655440005, totalCount=3, inStockCount=3, outOfStockCount=0)
2026-04-29 15:08:39.130 INFO  [http-nio-4000-exec-2] c.e.productservice.service.ProductQuery - CategoryStockInfoDto(categoryName=Peripherals, categoryId=550e8400-e29b-41d4-a716-446655440006, totalCount=4, inStockCount=3, outOfStockCount=1)
2026-04-29 15:08:39.130 INFO  [http-nio-4000-exec-2] c.e.productservice.service.ProductQuery - CategoryStockInfoDto(categoryName=Lighting, categoryId=550e8400-e29b-41d4-a716-446655440004, totalCount=3, inStockCount=3, outOfStockCount=0)
2026-04-29 15:08:39.130 INFO  [http-nio-4000-exec-2] c.e.productservice.service.ProductQuery - CategoryStockInfoDto(categoryName=Audio, categoryId=550e8400-e29b-41d4-a716-446655440002, totalCount=5, inStockCount=4, outOfStockCount=1)
2026-04-29 15:15:21.427 INFO  [http-nio-4000-exec-5] c.e.productservice.service.ProductQuery - CategoryStockInfoDto(categoryName=Accessories, categoryId=550e8400-e29b-41d4-a716-446655440003, totalCount=5, inStockCount=5, outOfStockCount=0)
2026-04-29 15:15:21.430 INFO  [http-nio-4000-exec-5] c.e.productservice.service.ProductQuery - CategoryStockInfoDto(categoryName=Cables, categoryId=550e8400-e29b-41d4-a716-446655440005, totalCount=3, inStockCount=3, outOfStockCount=0)
2026-04-29 15:15:21.430 INFO  [http-nio-4000-exec-5] c.e.productservice.service.ProductQuery - CategoryStockInfoDto(categoryName=Peripherals, categoryId=550e8400-e29b-41d4-a716-446655440006, totalCount=4, inStockCount=3, outOfStockCount=1)
2026-04-29 15:15:21.430 INFO  [http-nio-4000-exec-5] c.e.productservice.service.ProductQuery - CategoryStockInfoDto(categoryName=Lighting, categoryId=550e8400-e29b-41d4-a716-446655440004, totalCount=3, inStockCount=3, outOfStockCount=0)
2026-04-29 15:15:21.430 INFO  [http-nio-4000-exec-5] c.e.productservice.service.ProductQuery - CategoryStockInfoDto(categoryName=Audio, categoryId=550e8400-e29b-41d4-a716-446655440002, totalCount=5, inStockCount=4, outOfStockCount=1)
2026-04-29 15:15:21.449 INFO  [http-nio-4000-exec-6] c.e.productservice.service.ProductQuery - CategoryStockInfoDto(categoryName=Accessories, categoryId=550e8400-e29b-41d4-a716-446655440003, totalCount=5, inStockCount=5, outOfStockCount=0)
2026-04-29 15:15:21.449 INFO  [http-nio-4000-exec-6] c.e.productservice.service.ProductQuery - CategoryStockInfoDto(categoryName=Cables, categoryId=550e8400-e29b-41d4-a716-446655440005, totalCount=3, inStockCount=3, outOfStockCount=0)
2026-04-29 15:15:21.450 INFO  [http-nio-4000-exec-6] c.e.productservice.service.ProductQuery - CategoryStockInfoDto(categoryName=Peripherals, categoryId=550e8400-e29b-41d4-a716-446655440006, totalCount=4, inStockCount=3, outOfStockCount=1)
2026-04-29 15:15:21.450 INFO  [http-nio-4000-exec-6] c.e.productservice.service.ProductQuery - CategoryStockInfoDto(categoryName=Lighting, categoryId=550e8400-e29b-41d4-a716-446655440004, totalCount=3, inStockCount=3, outOfStockCount=0)
2026-04-29 15:15:21.450 INFO  [http-nio-4000-exec-6] c.e.productservice.service.ProductQuery - CategoryStockInfoDto(categoryName=Audio, categoryId=550e8400-e29b-41d4-a716-446655440002, totalCount=5, inStockCount=4, outOfStockCount=1)
2026-04-29 15:20:41.883 INFO  [http-nio-4000-exec-9] c.e.productservice.service.ProductQuery - CategoryStockInfoDto(categoryName=Accessories, categoryId=550e8400-e29b-41d4-a716-446655440003, totalCount=5, inStockCount=5, outOfStockCount=0)
2026-04-29 15:20:41.884 INFO  [http-nio-4000-exec-9] c.e.productservice.service.ProductQuery - CategoryStockInfoDto(categoryName=Cables, categoryId=550e8400-e29b-41d4-a716-446655440005, totalCount=3, inStockCount=3, outOfStockCount=0)
2026-04-29 15:20:41.884 INFO  [http-nio-4000-exec-9] c.e.productservice.service.ProductQuery - CategoryStockInfoDto(categoryName=Peripherals, categoryId=550e8400-e29b-41d4-a716-446655440006, totalCount=4, inStockCount=3, outOfStockCount=1)
2026-04-29 15:20:41.884 INFO  [http-nio-4000-exec-9] c.e.productservice.service.ProductQuery - CategoryStockInfoDto(categoryName=Lighting, categoryId=550e8400-e29b-41d4-a716-446655440004, totalCount=3, inStockCount=3, outOfStockCount=0)
2026-04-29 15:20:41.884 INFO  [http-nio-4000-exec-9] c.e.productservice.service.ProductQuery - CategoryStockInfoDto(categoryName=Audio, categoryId=550e8400-e29b-41d4-a716-446655440002, totalCount=5, inStockCount=4, outOfStockCount=1)
2026-04-29 15:20:41.891 INFO  [http-nio-4000-exec-10] c.e.productservice.service.ProductQuery - CategoryStockInfoDto(categoryName=Accessories, categoryId=550e8400-e29b-41d4-a716-446655440003, totalCount=5, inStockCount=5, outOfStockCount=0)
2026-04-29 15:20:41.892 INFO  [http-nio-4000-exec-10] c.e.productservice.service.ProductQuery - CategoryStockInfoDto(categoryName=Cables, categoryId=550e8400-e29b-41d4-a716-446655440005, totalCount=3, inStockCount=3, outOfStockCount=0)
2026-04-29 15:20:41.892 INFO  [http-nio-4000-exec-10] c.e.productservice.service.ProductQuery - CategoryStockInfoDto(categoryName=Peripherals, categoryId=550e8400-e29b-41d4-a716-446655440006, totalCount=4, inStockCount=3, outOfStockCount=1)
2026-04-29 15:20:41.892 INFO  [http-nio-4000-exec-10] c.e.productservice.service.ProductQuery - CategoryStockInfoDto(categoryName=Lighting, categoryId=550e8400-e29b-41d4-a716-446655440004, totalCount=3, inStockCount=3, outOfStockCount=0)
2026-04-29 15:20:41.892 INFO  [http-nio-4000-exec-10] c.e.productservice.service.ProductQuery - CategoryStockInfoDto(categoryName=Audio, categoryId=550e8400-e29b-41d4-a716-446655440002, totalCount=5, inStockCount=4, outOfStockCount=1)
2026-04-29 15:21:25.122 INFO  [http-nio-4000-exec-1] c.e.productservice.service.ProductQuery - CategoryStockInfoDto(categoryName=Accessories, categoryId=550e8400-e29b-41d4-a716-446655440003, totalCount=5, inStockCount=5, outOfStockCount=0)
2026-04-29 15:21:25.122 INFO  [http-nio-4000-exec-1] c.e.productservice.service.ProductQuery - CategoryStockInfoDto(categoryName=Cables, categoryId=550e8400-e29b-41d4-a716-446655440005, totalCount=3, inStockCount=3, outOfStockCount=0)
2026-04-29 15:21:25.122 INFO  [http-nio-4000-exec-1] c.e.productservice.service.ProductQuery - CategoryStockInfoDto(categoryName=Peripherals, categoryId=550e8400-e29b-41d4-a716-446655440006, totalCount=4, inStockCount=3, outOfStockCount=1)
2026-04-29 15:21:25.122 INFO  [http-nio-4000-exec-1] c.e.productservice.service.ProductQuery - CategoryStockInfoDto(categoryName=Lighting, categoryId=550e8400-e29b-41d4-a716-446655440004, totalCount=3, inStockCount=3, outOfStockCount=0)
2026-04-29 15:21:25.122 INFO  [http-nio-4000-exec-1] c.e.productservice.service.ProductQuery - CategoryStockInfoDto(categoryName=Audio, categoryId=550e8400-e29b-41d4-a716-446655440002, totalCount=5, inStockCount=4, outOfStockCount=1)
2026-04-29 15:21:25.130 INFO  [http-nio-4000-exec-2] c.e.productservice.service.ProductQuery - CategoryStockInfoDto(categoryName=Accessories, categoryId=550e8400-e29b-41d4-a716-446655440003, totalCount=5, inStockCount=5, outOfStockCount=0)
2026-04-29 15:21:25.131 INFO  [http-nio-4000-exec-2] c.e.productservice.service.ProductQuery - CategoryStockInfoDto(categoryName=Cables, categoryId=550e8400-e29b-41d4-a716-446655440005, totalCount=3, inStockCount=3, outOfStockCount=0)
2026-04-29 15:21:25.131 INFO  [http-nio-4000-exec-2] c.e.productservice.service.ProductQuery - CategoryStockInfoDto(categoryName=Peripherals, categoryId=550e8400-e29b-41d4-a716-446655440006, totalCount=4, inStockCount=3, outOfStockCount=1)
2026-04-29 15:21:25.131 INFO  [http-nio-4000-exec-2] c.e.productservice.service.ProductQuery - CategoryStockInfoDto(categoryName=Lighting, categoryId=550e8400-e29b-41d4-a716-446655440004, totalCount=3, inStockCount=3, outOfStockCount=0)
2026-04-29 15:21:25.131 INFO  [http-nio-4000-exec-2] c.e.productservice.service.ProductQuery - CategoryStockInfoDto(categoryName=Audio, categoryId=550e8400-e29b-41d4-a716-446655440002, totalCount=5, inStockCount=4, outOfStockCount=1)
