2026-06-02 15:20:00.674 INFO  [restartedMain] c.e.p.ProductServiceApplication - Starting ProductServiceApplication using Java 21.0.10 with PID 3643 (/Users/nikitasuryawanshi/Projects/Order and Inventory Management System/Ecommerce/Ecom_Backend/product-service/target/classes started by nikitasuryawanshi in /Users/nikitasuryawanshi/Projects/Order and Inventory Management System/Ecommerce/Ecom_Backend/product-service)
2026-06-02 15:20:00.675 INFO  [restartedMain] c.e.p.ProductServiceApplication - No active profile set, falling back to 1 default profile: "default"
2026-06-02 15:20:00.691 INFO  [restartedMain] o.s.b.d.e.DevToolsPropertyDefaultsPostProcessor - Devtools property defaults active! Set 'spring.devtools.add-properties' to 'false' to disable
2026-06-02 15:20:00.691 INFO  [restartedMain] o.s.b.d.e.DevToolsPropertyDefaultsPostProcessor - For additional web related logging consider setting the 'logging.level.web' property to 'DEBUG'
2026-06-02 15:20:00.920 INFO  [restartedMain] o.s.d.r.c.RepositoryConfigurationDelegate - Bootstrapping Spring Data JPA repositories in DEFAULT mode.
2026-06-02 15:20:00.939 INFO  [restartedMain] o.s.d.r.c.RepositoryConfigurationDelegate - Finished Spring Data repository scanning in 16 ms. Found 3 JPA repository interfaces.
2026-06-02 15:20:01.078 INFO  [restartedMain] o.s.b.w.embedded.tomcat.TomcatWebServer - Tomcat initialized with port 4000 (http)
2026-06-02 15:20:01.081 INFO  [restartedMain] o.apache.coyote.http11.Http11NioProtocol - Initializing ProtocolHandler ["http-nio-4000"]
2026-06-02 15:20:01.081 INFO  [restartedMain] o.apache.catalina.core.StandardService - Starting service [Tomcat]
2026-06-02 15:20:01.082 INFO  [restartedMain] org.apache.catalina.core.StandardEngine - Starting Servlet engine: [Apache Tomcat/10.1.53]
2026-06-02 15:20:01.093 INFO  [restartedMain] o.a.c.c.C.[Tomcat].[localhost].[/] - Initializing Spring embedded WebApplicationContext
2026-06-02 15:20:01.093 INFO  [restartedMain] o.s.b.w.s.c.ServletWebServerApplicationContext - Root WebApplicationContext: initialization completed in 402 ms
2026-06-02 15:20:01.145 INFO  [restartedMain] o.hibernate.jpa.internal.util.LogHelper - HHH000204: Processing PersistenceUnitInfo [name: default]
2026-06-02 15:20:01.161 INFO  [restartedMain] org.hibernate.Version - HHH000412: Hibernate ORM core version 6.6.45.Final
2026-06-02 15:20:01.171 INFO  [restartedMain] o.h.c.internal.RegionFactoryInitiator - HHH000026: Second-level cache disabled
2026-06-02 15:20:01.259 INFO  [restartedMain] o.s.o.j.p.SpringPersistenceUnitInfo - No LoadTimeWeaver setup: ignoring JPA class transformer
2026-06-02 15:20:01.268 INFO  [restartedMain] com.zaxxer.hikari.HikariDataSource - HikariPool-1 - Starting...
2026-06-02 15:20:01.315 INFO  [restartedMain] com.zaxxer.hikari.pool.HikariPool - HikariPool-1 - Added connection org.postgresql.jdbc.PgConnection@df472b2
2026-06-02 15:20:01.315 INFO  [restartedMain] com.zaxxer.hikari.HikariDataSource - HikariPool-1 - Start completed.
2026-06-02 15:20:01.330 INFO  [restartedMain] org.hibernate.orm.connections.pooling - HHH10001005: Database info:
	Database JDBC URL [Connecting through datasource 'HikariDataSource (HikariPool-1)']
	Database driver: undefined/unknown
	Database version: 17.5
	Autocommit mode: undefined/unknown
	Isolation level: undefined/unknown
	Minimum pool size: undefined/unknown
	Maximum pool size: undefined/unknown
2026-06-02 15:20:01.612 INFO  [restartedMain] o.h.e.t.j.p.i.JtaPlatformInitiator - HHH000489: No JTA platform available (set 'hibernate.transaction.jta.platform' to enable JTA platform integration)
2026-06-02 15:20:01.635 INFO  [restartedMain] o.s.o.j.LocalContainerEntityManagerFactoryBean - Initialized JPA EntityManagerFactory for persistence unit 'default'
2026-06-02 15:20:01.707 INFO  [restartedMain] o.s.d.j.r.query.QueryEnhancerFactory - Hibernate is in classpath; If applicable, HQL parser will be used.
2026-06-02 15:20:02.079 INFO  [restartedMain] o.s.v.b.OptionalValidatorFactoryBean - Failed to set up a Bean Validation provider: jakarta.validation.NoProviderFoundException: Unable to create a Configuration, because no Jakarta Bean Validation provider could be found. Add a provider like Hibernate Validator (RI) to your classpath.
2026-06-02 15:20:02.201 INFO  [restartedMain] o.s.b.d.a.OptionalLiveReloadServer - LiveReload server is running on port 35729
2026-06-02 15:20:02.207 INFO  [restartedMain] o.apache.coyote.http11.Http11NioProtocol - Starting ProtocolHandler ["http-nio-4000"]
2026-06-02 15:20:02.212 INFO  [restartedMain] o.s.b.w.embedded.tomcat.TomcatWebServer - Tomcat started on port 4000 (http) with context path '/'
2026-06-02 15:20:02.216 INFO  [restartedMain] c.e.p.ProductServiceApplication - Started ProductServiceApplication in 1.717 seconds (process running for 1.872)
2026-06-02 15:20:07.761 INFO  [SpringApplicationShutdownHook] o.s.b.w.embedded.tomcat.GracefulShutdown - Commencing graceful shutdown. Waiting for active requests to complete
2026-06-02 15:20:07.764 INFO  [tomcat-shutdown] o.s.b.w.embedded.tomcat.GracefulShutdown - Graceful shutdown complete
2026-06-02 15:20:07.766 INFO  [SpringApplicationShutdownHook] o.s.o.j.LocalContainerEntityManagerFactoryBean - Closing JPA EntityManagerFactory for persistence unit 'default'
2026-06-02 15:20:07.767 INFO  [SpringApplicationShutdownHook] com.zaxxer.hikari.HikariDataSource - HikariPool-1 - Shutdown initiated...
2026-06-02 15:20:07.768 INFO  [SpringApplicationShutdownHook] com.zaxxer.hikari.HikariDataSource - HikariPool-1 - Shutdown completed.
2026-06-02 15:25:17.274 INFO  [restartedMain] c.e.p.ProductServiceApplication - Starting ProductServiceApplication using Java 21.0.10 with PID 3773 (/Users/nikitasuryawanshi/Projects/Order and Inventory Management System/Ecommerce/Ecom_Backend/product-service/target/classes started by nikitasuryawanshi in /Users/nikitasuryawanshi/Projects/Order and Inventory Management System/Ecommerce/Ecom_Backend/product-service)
2026-06-02 15:25:17.274 INFO  [restartedMain] c.e.p.ProductServiceApplication - No active profile set, falling back to 1 default profile: "default"
2026-06-02 15:25:17.287 INFO  [restartedMain] o.s.b.d.e.DevToolsPropertyDefaultsPostProcessor - Devtools property defaults active! Set 'spring.devtools.add-properties' to 'false' to disable
2026-06-02 15:25:17.287 INFO  [restartedMain] o.s.b.d.e.DevToolsPropertyDefaultsPostProcessor - For additional web related logging consider setting the 'logging.level.web' property to 'DEBUG'
2026-06-02 15:25:17.530 INFO  [restartedMain] o.s.d.r.c.RepositoryConfigurationDelegate - Bootstrapping Spring Data JPA repositories in DEFAULT mode.
2026-06-02 15:25:17.551 INFO  [restartedMain] o.s.d.r.c.RepositoryConfigurationDelegate - Finished Spring Data repository scanning in 17 ms. Found 3 JPA repository interfaces.
2026-06-02 15:25:17.703 INFO  [restartedMain] o.s.b.w.embedded.tomcat.TomcatWebServer - Tomcat initialized with port 4000 (http)
2026-06-02 15:25:17.708 INFO  [restartedMain] o.apache.coyote.http11.Http11NioProtocol - Initializing ProtocolHandler ["http-nio-4000"]
2026-06-02 15:25:17.709 INFO  [restartedMain] o.apache.catalina.core.StandardService - Starting service [Tomcat]
2026-06-02 15:25:17.709 INFO  [restartedMain] org.apache.catalina.core.StandardEngine - Starting Servlet engine: [Apache Tomcat/10.1.53]
2026-06-02 15:25:17.721 INFO  [restartedMain] o.a.c.c.C.[Tomcat].[localhost].[/] - Initializing Spring embedded WebApplicationContext
2026-06-02 15:25:17.721 INFO  [restartedMain] o.s.b.w.s.c.ServletWebServerApplicationContext - Root WebApplicationContext: initialization completed in 434 ms
2026-06-02 15:25:17.781 INFO  [restartedMain] o.hibernate.jpa.internal.util.LogHelper - HHH000204: Processing PersistenceUnitInfo [name: default]
2026-06-02 15:25:17.805 INFO  [restartedMain] org.hibernate.Version - HHH000412: Hibernate ORM core version 6.6.45.Final
2026-06-02 15:25:17.817 INFO  [restartedMain] o.h.c.internal.RegionFactoryInitiator - HHH000026: Second-level cache disabled
2026-06-02 15:25:17.908 INFO  [restartedMain] o.s.o.j.p.SpringPersistenceUnitInfo - No LoadTimeWeaver setup: ignoring JPA class transformer
2026-06-02 15:25:17.918 INFO  [restartedMain] com.zaxxer.hikari.HikariDataSource - HikariPool-1 - Starting...
2026-06-02 15:25:17.970 INFO  [restartedMain] com.zaxxer.hikari.pool.HikariPool - HikariPool-1 - Added connection org.postgresql.jdbc.PgConnection@2c3f9f71
2026-06-02 15:25:17.971 INFO  [restartedMain] com.zaxxer.hikari.HikariDataSource - HikariPool-1 - Start completed.
2026-06-02 15:25:17.992 INFO  [restartedMain] org.hibernate.orm.connections.pooling - HHH10001005: Database info:
	Database JDBC URL [Connecting through datasource 'HikariDataSource (HikariPool-1)']
	Database driver: undefined/unknown
	Database version: 17.5
	Autocommit mode: undefined/unknown
	Isolation level: undefined/unknown
	Minimum pool size: undefined/unknown
	Maximum pool size: undefined/unknown
2026-06-02 15:25:18.306 INFO  [restartedMain] o.h.e.t.j.p.i.JtaPlatformInitiator - HHH000489: No JTA platform available (set 'hibernate.transaction.jta.platform' to enable JTA platform integration)
2026-06-02 15:25:18.340 INFO  [restartedMain] com.zaxxer.hikari.HikariDataSource - HikariPool-1 - Shutdown initiated...
2026-06-02 15:25:18.342 INFO  [restartedMain] com.zaxxer.hikari.HikariDataSource - HikariPool-1 - Shutdown completed.
2026-06-02 15:25:18.343 INFO  [restartedMain] o.apache.catalina.core.StandardService - Stopping service [Tomcat]
2026-06-02 15:25:18.348 INFO  [restartedMain] o.s.b.a.l.ConditionEvaluationReportLogger - 

Error starting ApplicationContext. To display the condition evaluation report re-run your application with 'debug' enabled.
2026-06-02 15:25:51.588 INFO  [restartedMain] c.e.p.ProductServiceApplication - Starting ProductServiceApplication using Java 21.0.10 with PID 3792 (/Users/nikitasuryawanshi/Projects/Order and Inventory Management System/Ecommerce/Ecom_Backend/product-service/target/classes started by nikitasuryawanshi in /Users/nikitasuryawanshi/Projects/Order and Inventory Management System/Ecommerce/Ecom_Backend/product-service)
2026-06-02 15:25:51.589 INFO  [restartedMain] c.e.p.ProductServiceApplication - No active profile set, falling back to 1 default profile: "default"
2026-06-02 15:25:51.608 INFO  [restartedMain] o.s.b.d.e.DevToolsPropertyDefaultsPostProcessor - Devtools property defaults active! Set 'spring.devtools.add-properties' to 'false' to disable
2026-06-02 15:25:51.608 INFO  [restartedMain] o.s.b.d.e.DevToolsPropertyDefaultsPostProcessor - For additional web related logging consider setting the 'logging.level.web' property to 'DEBUG'
2026-06-02 15:25:51.829 INFO  [restartedMain] o.s.d.r.c.RepositoryConfigurationDelegate - Bootstrapping Spring Data JPA repositories in DEFAULT mode.
2026-06-02 15:25:51.848 INFO  [restartedMain] o.s.d.r.c.RepositoryConfigurationDelegate - Finished Spring Data repository scanning in 15 ms. Found 3 JPA repository interfaces.
2026-06-02 15:25:51.975 INFO  [restartedMain] o.s.b.w.embedded.tomcat.TomcatWebServer - Tomcat initialized with port 4000 (http)
2026-06-02 15:25:51.978 INFO  [restartedMain] o.apache.coyote.http11.Http11NioProtocol - Initializing ProtocolHandler ["http-nio-4000"]
2026-06-02 15:25:51.979 INFO  [restartedMain] o.apache.catalina.core.StandardService - Starting service [Tomcat]
2026-06-02 15:25:51.979 INFO  [restartedMain] org.apache.catalina.core.StandardEngine - Starting Servlet engine: [Apache Tomcat/10.1.53]
2026-06-02 15:25:51.990 INFO  [restartedMain] o.a.c.c.C.[Tomcat].[localhost].[/] - Initializing Spring embedded WebApplicationContext
2026-06-02 15:25:51.990 INFO  [restartedMain] o.s.b.w.s.c.ServletWebServerApplicationContext - Root WebApplicationContext: initialization completed in 381 ms
2026-06-02 15:25:52.036 INFO  [restartedMain] o.hibernate.jpa.internal.util.LogHelper - HHH000204: Processing PersistenceUnitInfo [name: default]
2026-06-02 15:25:52.051 INFO  [restartedMain] org.hibernate.Version - HHH000412: Hibernate ORM core version 6.6.45.Final
2026-06-02 15:25:52.061 INFO  [restartedMain] o.h.c.internal.RegionFactoryInitiator - HHH000026: Second-level cache disabled
2026-06-02 15:25:52.141 INFO  [restartedMain] o.s.o.j.p.SpringPersistenceUnitInfo - No LoadTimeWeaver setup: ignoring JPA class transformer
2026-06-02 15:25:52.149 INFO  [restartedMain] com.zaxxer.hikari.HikariDataSource - HikariPool-1 - Starting...
2026-06-02 15:25:52.194 INFO  [restartedMain] com.zaxxer.hikari.pool.HikariPool - HikariPool-1 - Added connection org.postgresql.jdbc.PgConnection@4d905e55
2026-06-02 15:25:52.194 INFO  [restartedMain] com.zaxxer.hikari.HikariDataSource - HikariPool-1 - Start completed.
2026-06-02 15:25:52.210 INFO  [restartedMain] org.hibernate.orm.connections.pooling - HHH10001005: Database info:
	Database JDBC URL [Connecting through datasource 'HikariDataSource (HikariPool-1)']
	Database driver: undefined/unknown
	Database version: 17.5
	Autocommit mode: undefined/unknown
	Isolation level: undefined/unknown
	Minimum pool size: undefined/unknown
	Maximum pool size: undefined/unknown
2026-06-02 15:25:52.482 INFO  [restartedMain] o.h.e.t.j.p.i.JtaPlatformInitiator - HHH000489: No JTA platform available (set 'hibernate.transaction.jta.platform' to enable JTA platform integration)
2026-06-02 15:25:52.507 INFO  [restartedMain] o.s.o.j.LocalContainerEntityManagerFactoryBean - Initialized JPA EntityManagerFactory for persistence unit 'default'
2026-06-02 15:25:52.583 INFO  [restartedMain] o.s.d.j.r.query.QueryEnhancerFactory - Hibernate is in classpath; If applicable, HQL parser will be used.
2026-06-02 15:25:52.970 INFO  [restartedMain] o.s.v.b.OptionalValidatorFactoryBean - Failed to set up a Bean Validation provider: jakarta.validation.NoProviderFoundException: Unable to create a Configuration, because no Jakarta Bean Validation provider could be found. Add a provider like Hibernate Validator (RI) to your classpath.
2026-06-02 15:25:53.106 INFO  [restartedMain] o.s.b.d.a.OptionalLiveReloadServer - LiveReload server is running on port 35729
2026-06-02 15:25:53.112 INFO  [restartedMain] o.apache.coyote.http11.Http11NioProtocol - Starting ProtocolHandler ["http-nio-4000"]
2026-06-02 15:25:53.118 INFO  [restartedMain] o.s.b.w.embedded.tomcat.TomcatWebServer - Tomcat started on port 4000 (http) with context path '/'
2026-06-02 15:25:53.122 INFO  [restartedMain] c.e.p.ProductServiceApplication - Started ProductServiceApplication in 1.703 seconds (process running for 1.839)
2026-06-02 15:26:44.427 INFO  [SpringApplicationShutdownHook] o.s.b.w.embedded.tomcat.GracefulShutdown - Commencing graceful shutdown. Waiting for active requests to complete
2026-06-02 15:26:44.430 INFO  [tomcat-shutdown] o.s.b.w.embedded.tomcat.GracefulShutdown - Graceful shutdown complete
2026-06-02 15:26:44.433 INFO  [SpringApplicationShutdownHook] o.s.o.j.LocalContainerEntityManagerFactoryBean - Closing JPA EntityManagerFactory for persistence unit 'default'
2026-06-02 15:26:44.435 INFO  [SpringApplicationShutdownHook] com.zaxxer.hikari.HikariDataSource - HikariPool-1 - Shutdown initiated...
2026-06-02 15:26:44.436 INFO  [SpringApplicationShutdownHook] com.zaxxer.hikari.HikariDataSource - HikariPool-1 - Shutdown completed.
2026-06-02 16:56:07.310 INFO  [restartedMain] c.e.p.ProductServiceApplication - Starting ProductServiceApplication using Java 21.0.10 with PID 4809 (/Users/nikitasuryawanshi/Projects/Order and Inventory Management System/Ecommerce/Ecom_Backend/product-service/target/classes started by nikitasuryawanshi in /Users/nikitasuryawanshi/Projects/Order and Inventory Management System/Ecommerce/Ecom_Backend/product-service)
2026-06-02 16:56:07.311 INFO  [restartedMain] c.e.p.ProductServiceApplication - No active profile set, falling back to 1 default profile: "default"
2026-06-02 16:56:07.324 INFO  [restartedMain] o.s.b.d.e.DevToolsPropertyDefaultsPostProcessor - Devtools property defaults active! Set 'spring.devtools.add-properties' to 'false' to disable
2026-06-02 16:56:07.324 INFO  [restartedMain] o.s.b.d.e.DevToolsPropertyDefaultsPostProcessor - For additional web related logging consider setting the 'logging.level.web' property to 'DEBUG'
2026-06-02 16:56:07.556 INFO  [restartedMain] o.s.d.r.c.RepositoryConfigurationDelegate - Bootstrapping Spring Data JPA repositories in DEFAULT mode.
2026-06-02 16:56:07.573 INFO  [restartedMain] o.s.d.r.c.RepositoryConfigurationDelegate - Finished Spring Data repository scanning in 14 ms. Found 4 JPA repository interfaces.
2026-06-02 16:56:07.715 INFO  [restartedMain] o.s.b.w.embedded.tomcat.TomcatWebServer - Tomcat initialized with port 4000 (http)
2026-06-02 16:56:07.719 INFO  [restartedMain] o.apache.coyote.http11.Http11NioProtocol - Initializing ProtocolHandler ["http-nio-4000"]
2026-06-02 16:56:07.720 INFO  [restartedMain] o.apache.catalina.core.StandardService - Starting service [Tomcat]
2026-06-02 16:56:07.720 INFO  [restartedMain] org.apache.catalina.core.StandardEngine - Starting Servlet engine: [Apache Tomcat/10.1.53]
2026-06-02 16:56:07.731 INFO  [restartedMain] o.a.c.c.C.[Tomcat].[localhost].[/] - Initializing Spring embedded WebApplicationContext
2026-06-02 16:56:07.732 INFO  [restartedMain] o.s.b.w.s.c.ServletWebServerApplicationContext - Root WebApplicationContext: initialization completed in 408 ms
2026-06-02 16:56:07.788 INFO  [restartedMain] o.hibernate.jpa.internal.util.LogHelper - HHH000204: Processing PersistenceUnitInfo [name: default]
2026-06-02 16:56:07.810 INFO  [restartedMain] org.hibernate.Version - HHH000412: Hibernate ORM core version 6.6.45.Final
2026-06-02 16:56:07.821 INFO  [restartedMain] o.h.c.internal.RegionFactoryInitiator - HHH000026: Second-level cache disabled
2026-06-02 16:56:07.916 INFO  [restartedMain] o.s.o.j.p.SpringPersistenceUnitInfo - No LoadTimeWeaver setup: ignoring JPA class transformer
2026-06-02 16:56:07.927 INFO  [restartedMain] com.zaxxer.hikari.HikariDataSource - HikariPool-1 - Starting...
2026-06-02 16:56:07.985 INFO  [restartedMain] com.zaxxer.hikari.pool.HikariPool - HikariPool-1 - Added connection org.postgresql.jdbc.PgConnection@63fa8e82
2026-06-02 16:56:07.986 INFO  [restartedMain] com.zaxxer.hikari.HikariDataSource - HikariPool-1 - Start completed.
2026-06-02 16:56:08.008 INFO  [restartedMain] org.hibernate.orm.connections.pooling - HHH10001005: Database info:
	Database JDBC URL [Connecting through datasource 'HikariDataSource (HikariPool-1)']
	Database driver: undefined/unknown
	Database version: 17.5
	Autocommit mode: undefined/unknown
	Isolation level: undefined/unknown
	Minimum pool size: undefined/unknown
	Maximum pool size: undefined/unknown
2026-06-02 16:56:08.334 INFO  [restartedMain] o.h.e.t.j.p.i.JtaPlatformInitiator - HHH000489: No JTA platform available (set 'hibernate.transaction.jta.platform' to enable JTA platform integration)
2026-06-02 16:56:08.358 INFO  [restartedMain] o.s.o.j.LocalContainerEntityManagerFactoryBean - Initialized JPA EntityManagerFactory for persistence unit 'default'
2026-06-02 16:56:08.438 INFO  [restartedMain] o.s.d.j.r.query.QueryEnhancerFactory - Hibernate is in classpath; If applicable, HQL parser will be used.
2026-06-02 16:56:08.821 INFO  [restartedMain] o.s.v.b.OptionalValidatorFactoryBean - Failed to set up a Bean Validation provider: jakarta.validation.NoProviderFoundException: Unable to create a Configuration, because no Jakarta Bean Validation provider could be found. Add a provider like Hibernate Validator (RI) to your classpath.
2026-06-02 16:56:08.959 INFO  [restartedMain] o.s.b.d.a.OptionalLiveReloadServer - LiveReload server is running on port 35729
2026-06-02 16:56:08.967 INFO  [restartedMain] o.apache.coyote.http11.Http11NioProtocol - Starting ProtocolHandler ["http-nio-4000"]
2026-06-02 16:56:08.973 INFO  [restartedMain] o.s.b.w.embedded.tomcat.TomcatWebServer - Tomcat started on port 4000 (http) with context path '/'
2026-06-02 16:56:08.977 INFO  [restartedMain] c.e.p.ProductServiceApplication - Started ProductServiceApplication in 1.869 seconds (process running for 2.033)
2026-06-02 16:56:29.312 INFO  [http-nio-4000-exec-2] o.a.c.c.C.[Tomcat].[localhost].[/] - Initializing Spring DispatcherServlet 'dispatcherServlet'
2026-06-02 16:56:29.312 INFO  [http-nio-4000-exec-2] o.s.web.servlet.DispatcherServlet - Initializing Servlet 'dispatcherServlet'
2026-06-02 16:56:29.313 INFO  [http-nio-4000-exec-2] o.s.web.servlet.DispatcherServlet - Completed initialization in 1 ms
2026-06-02 16:56:48.128 INFO  [SpringApplicationShutdownHook] o.s.b.w.embedded.tomcat.GracefulShutdown - Commencing graceful shutdown. Waiting for active requests to complete
2026-06-02 16:56:48.130 INFO  [tomcat-shutdown] o.s.b.w.embedded.tomcat.GracefulShutdown - Graceful shutdown complete
2026-06-02 16:56:48.132 INFO  [SpringApplicationShutdownHook] o.s.o.j.LocalContainerEntityManagerFactoryBean - Closing JPA EntityManagerFactory for persistence unit 'default'
2026-06-02 16:56:48.134 INFO  [SpringApplicationShutdownHook] com.zaxxer.hikari.HikariDataSource - HikariPool-1 - Shutdown initiated...
2026-06-02 16:56:48.134 INFO  [SpringApplicationShutdownHook] com.zaxxer.hikari.HikariDataSource - HikariPool-1 - Shutdown completed.
