2026-05-04 14:42:54.433 INFO  [restartedMain] c.e.p.ProductServiceApplication - Starting ProductServiceApplication using Java 21.0.10 with PID 1723 (/Users/nikitasuryawanshi/Projects/Order and Inventory Management System/Ecommerce/Ecom_Backend/product-service/target/classes started by nikitasuryawanshi in /Users/nikitasuryawanshi/Projects/Order and Inventory Management System/Ecommerce/Ecom_Backend/product-service)
2026-05-04 14:42:54.435 INFO  [restartedMain] c.e.p.ProductServiceApplication - No active profile set, falling back to 1 default profile: "default"
2026-05-04 14:42:54.447 INFO  [restartedMain] o.s.b.d.e.DevToolsPropertyDefaultsPostProcessor - Devtools property defaults active! Set 'spring.devtools.add-properties' to 'false' to disable
2026-05-04 14:42:54.447 INFO  [restartedMain] o.s.b.d.e.DevToolsPropertyDefaultsPostProcessor - For additional web related logging consider setting the 'logging.level.web' property to 'DEBUG'
2026-05-04 14:42:54.718 INFO  [restartedMain] o.s.d.r.c.RepositoryConfigurationDelegate - Bootstrapping Spring Data JPA repositories in DEFAULT mode.
2026-05-04 14:42:54.736 INFO  [restartedMain] o.s.d.r.c.RepositoryConfigurationDelegate - Finished Spring Data repository scanning in 14 ms. Found 3 JPA repository interfaces.
2026-05-04 14:42:54.882 INFO  [restartedMain] o.s.b.w.embedded.tomcat.TomcatWebServer - Tomcat initialized with port 4000 (http)
2026-05-04 14:42:54.886 INFO  [restartedMain] o.apache.coyote.http11.Http11NioProtocol - Initializing ProtocolHandler ["http-nio-4000"]
2026-05-04 14:42:54.887 INFO  [restartedMain] o.apache.catalina.core.StandardService - Starting service [Tomcat]
2026-05-04 14:42:54.888 INFO  [restartedMain] org.apache.catalina.core.StandardEngine - Starting Servlet engine: [Apache Tomcat/10.1.53]
2026-05-04 14:42:54.902 INFO  [restartedMain] o.a.c.c.C.[Tomcat].[localhost].[/] - Initializing Spring embedded WebApplicationContext
2026-05-04 14:42:54.903 INFO  [restartedMain] o.s.b.w.s.c.ServletWebServerApplicationContext - Root WebApplicationContext: initialization completed in 456 ms
2026-05-04 14:42:54.960 INFO  [restartedMain] o.hibernate.jpa.internal.util.LogHelper - HHH000204: Processing PersistenceUnitInfo [name: default]
2026-05-04 14:42:54.986 INFO  [restartedMain] org.hibernate.Version - HHH000412: Hibernate ORM core version 6.6.45.Final
2026-05-04 14:42:55.000 INFO  [restartedMain] o.h.c.internal.RegionFactoryInitiator - HHH000026: Second-level cache disabled
2026-05-04 14:42:55.092 INFO  [restartedMain] o.s.o.j.p.SpringPersistenceUnitInfo - No LoadTimeWeaver setup: ignoring JPA class transformer
2026-05-04 14:42:55.103 INFO  [restartedMain] com.zaxxer.hikari.HikariDataSource - HikariPool-1 - Starting...
2026-05-04 14:42:55.167 INFO  [restartedMain] com.zaxxer.hikari.pool.HikariPool - HikariPool-1 - Added connection org.postgresql.jdbc.PgConnection@6d0638be
2026-05-04 14:42:55.167 INFO  [restartedMain] com.zaxxer.hikari.HikariDataSource - HikariPool-1 - Start completed.
2026-05-04 14:42:55.225 INFO  [restartedMain] org.hibernate.orm.connections.pooling - HHH10001005: Database info:
	Database JDBC URL [Connecting through datasource 'HikariDataSource (HikariPool-1)']
	Database driver: undefined/unknown
	Database version: 17.5
	Autocommit mode: undefined/unknown
	Isolation level: undefined/unknown
	Minimum pool size: undefined/unknown
	Maximum pool size: undefined/unknown
2026-05-04 14:42:55.550 INFO  [restartedMain] o.h.e.t.j.p.i.JtaPlatformInitiator - HHH000489: No JTA platform available (set 'hibernate.transaction.jta.platform' to enable JTA platform integration)
2026-05-04 14:42:55.590 INFO  [restartedMain] o.s.o.j.LocalContainerEntityManagerFactoryBean - Initialized JPA EntityManagerFactory for persistence unit 'default'
2026-05-04 14:42:55.674 INFO  [restartedMain] o.s.d.j.r.query.QueryEnhancerFactory - Hibernate is in classpath; If applicable, HQL parser will be used.
2026-05-04 14:42:56.069 INFO  [restartedMain] o.s.v.b.OptionalValidatorFactoryBean - Failed to set up a Bean Validation provider: jakarta.validation.NoProviderFoundException: Unable to create a Configuration, because no Jakarta Bean Validation provider could be found. Add a provider like Hibernate Validator (RI) to your classpath.
2026-05-04 14:42:56.240 INFO  [restartedMain] o.s.b.d.a.OptionalLiveReloadServer - LiveReload server is running on port 35729
2026-05-04 14:42:56.246 INFO  [restartedMain] o.apache.coyote.http11.Http11NioProtocol - Starting ProtocolHandler ["http-nio-4000"]
2026-05-04 14:42:56.252 INFO  [restartedMain] o.s.b.w.embedded.tomcat.TomcatWebServer - Tomcat started on port 4000 (http) with context path '/'
2026-05-04 14:42:56.256 INFO  [restartedMain] c.e.p.ProductServiceApplication - Started ProductServiceApplication in 2.002 seconds (process running for 2.25)
2026-05-04 14:43:14.906 INFO  [http-nio-4000-exec-1] o.a.c.c.C.[Tomcat].[localhost].[/] - Initializing Spring DispatcherServlet 'dispatcherServlet'
2026-05-04 14:43:14.906 INFO  [http-nio-4000-exec-1] o.s.web.servlet.DispatcherServlet - Initializing Servlet 'dispatcherServlet'
2026-05-04 14:43:14.908 INFO  [http-nio-4000-exec-1] o.s.web.servlet.DispatcherServlet - Completed initialization in 1 ms
2026-05-04 14:43:14.975 INFO  [http-nio-4000-exec-1] c.e.productservice.service.ProductQuery - CategoryStockInfoDto(categoryName=Accessories, categoryId=550e8400-e29b-41d4-a716-446655440003, totalCount=5, inStockCount=5, outOfStockCount=0)
2026-05-04 14:43:14.975 INFO  [http-nio-4000-exec-1] c.e.productservice.service.ProductQuery - CategoryStockInfoDto(categoryName=Cables, categoryId=550e8400-e29b-41d4-a716-446655440005, totalCount=3, inStockCount=3, outOfStockCount=0)
2026-05-04 14:43:14.975 INFO  [http-nio-4000-exec-1] c.e.productservice.service.ProductQuery - CategoryStockInfoDto(categoryName=Peripherals, categoryId=550e8400-e29b-41d4-a716-446655440006, totalCount=4, inStockCount=3, outOfStockCount=1)
2026-05-04 14:43:14.975 INFO  [http-nio-4000-exec-1] c.e.productservice.service.ProductQuery - CategoryStockInfoDto(categoryName=Lighting, categoryId=550e8400-e29b-41d4-a716-446655440004, totalCount=3, inStockCount=3, outOfStockCount=0)
2026-05-04 14:43:14.975 INFO  [http-nio-4000-exec-1] c.e.productservice.service.ProductQuery - CategoryStockInfoDto(categoryName=Audio, categoryId=550e8400-e29b-41d4-a716-446655440002, totalCount=5, inStockCount=4, outOfStockCount=1)
2026-05-04 14:43:14.996 INFO  [http-nio-4000-exec-2] c.e.productservice.service.ProductQuery - CategoryStockInfoDto(categoryName=Accessories, categoryId=550e8400-e29b-41d4-a716-446655440003, totalCount=5, inStockCount=5, outOfStockCount=0)
2026-05-04 14:43:14.997 INFO  [http-nio-4000-exec-2] c.e.productservice.service.ProductQuery - CategoryStockInfoDto(categoryName=Cables, categoryId=550e8400-e29b-41d4-a716-446655440005, totalCount=3, inStockCount=3, outOfStockCount=0)
2026-05-04 14:43:14.997 INFO  [http-nio-4000-exec-2] c.e.productservice.service.ProductQuery - CategoryStockInfoDto(categoryName=Peripherals, categoryId=550e8400-e29b-41d4-a716-446655440006, totalCount=4, inStockCount=3, outOfStockCount=1)
2026-05-04 14:43:14.997 INFO  [http-nio-4000-exec-2] c.e.productservice.service.ProductQuery - CategoryStockInfoDto(categoryName=Lighting, categoryId=550e8400-e29b-41d4-a716-446655440004, totalCount=3, inStockCount=3, outOfStockCount=0)
2026-05-04 14:43:14.997 INFO  [http-nio-4000-exec-2] c.e.productservice.service.ProductQuery - CategoryStockInfoDto(categoryName=Audio, categoryId=550e8400-e29b-41d4-a716-446655440002, totalCount=5, inStockCount=4, outOfStockCount=1)
