2026-04-30 12:19:43.547 INFO  [SpringApplicationShutdownHook] o.s.b.w.embedded.tomcat.GracefulShutdown - Commencing graceful shutdown. Waiting for active requests to complete
2026-04-30 12:19:43.553 INFO  [tomcat-shutdown] o.s.b.w.embedded.tomcat.GracefulShutdown - Graceful shutdown complete
2026-04-30 12:19:43.557 INFO  [SpringApplicationShutdownHook] o.s.o.j.LocalContainerEntityManagerFactoryBean - Closing JPA EntityManagerFactory for persistence unit 'default'
2026-04-30 12:19:43.563 INFO  [SpringApplicationShutdownHook] com.zaxxer.hikari.HikariDataSource - HikariPool-1 - Shutdown initiated...
2026-04-30 12:19:43.564 INFO  [SpringApplicationShutdownHook] com.zaxxer.hikari.HikariDataSource - HikariPool-1 - Shutdown completed.
2026-04-30 12:58:15.520 INFO  [restartedMain] c.e.p.ProductServiceApplication - Starting ProductServiceApplication using Java 21.0.10 with PID 12942 (/Users/nikitasuryawanshi/Projects/Order and Inventory Management System/Ecommerce/Ecom_Backend/product-service/target/classes started by nikitasuryawanshi in /Users/nikitasuryawanshi/Projects/Order and Inventory Management System/Ecommerce/Ecom_Backend/product-service)
2026-04-30 12:58:15.523 INFO  [restartedMain] c.e.p.ProductServiceApplication - No active profile set, falling back to 1 default profile: "default"
2026-04-30 12:58:15.538 INFO  [restartedMain] o.s.b.d.e.DevToolsPropertyDefaultsPostProcessor - Devtools property defaults active! Set 'spring.devtools.add-properties' to 'false' to disable
2026-04-30 12:58:15.538 INFO  [restartedMain] o.s.b.d.e.DevToolsPropertyDefaultsPostProcessor - For additional web related logging consider setting the 'logging.level.web' property to 'DEBUG'
2026-04-30 12:58:15.799 INFO  [restartedMain] o.s.d.r.c.RepositoryConfigurationDelegate - Bootstrapping Spring Data JPA repositories in DEFAULT mode.
2026-04-30 12:58:15.817 INFO  [restartedMain] o.s.d.r.c.RepositoryConfigurationDelegate - Finished Spring Data repository scanning in 14 ms. Found 3 JPA repository interfaces.
2026-04-30 12:58:15.963 INFO  [restartedMain] o.s.b.w.embedded.tomcat.TomcatWebServer - Tomcat initialized with port 4000 (http)
2026-04-30 12:58:15.967 INFO  [restartedMain] o.apache.coyote.http11.Http11NioProtocol - Initializing ProtocolHandler ["http-nio-4000"]
2026-04-30 12:58:15.968 INFO  [restartedMain] o.apache.catalina.core.StandardService - Starting service [Tomcat]
2026-04-30 12:58:15.968 INFO  [restartedMain] org.apache.catalina.core.StandardEngine - Starting Servlet engine: [Apache Tomcat/10.1.53]
2026-04-30 12:58:15.980 INFO  [restartedMain] o.a.c.c.C.[Tomcat].[localhost].[/] - Initializing Spring embedded WebApplicationContext
2026-04-30 12:58:15.980 INFO  [restartedMain] o.s.b.w.s.c.ServletWebServerApplicationContext - Root WebApplicationContext: initialization completed in 442 ms
2026-04-30 12:58:16.037 INFO  [restartedMain] o.hibernate.jpa.internal.util.LogHelper - HHH000204: Processing PersistenceUnitInfo [name: default]
2026-04-30 12:58:16.060 INFO  [restartedMain] org.hibernate.Version - HHH000412: Hibernate ORM core version 6.6.45.Final
2026-04-30 12:58:16.072 INFO  [restartedMain] o.h.c.internal.RegionFactoryInitiator - HHH000026: Second-level cache disabled
2026-04-30 12:58:16.162 INFO  [restartedMain] o.s.o.j.p.SpringPersistenceUnitInfo - No LoadTimeWeaver setup: ignoring JPA class transformer
2026-04-30 12:58:16.172 INFO  [restartedMain] com.zaxxer.hikari.HikariDataSource - HikariPool-1 - Starting...
2026-04-30 12:58:16.229 INFO  [restartedMain] com.zaxxer.hikari.pool.HikariPool - HikariPool-1 - Added connection org.postgresql.jdbc.PgConnection@27031f3b
2026-04-30 12:58:16.229 INFO  [restartedMain] com.zaxxer.hikari.HikariDataSource - HikariPool-1 - Start completed.
2026-04-30 12:58:16.249 INFO  [restartedMain] org.hibernate.orm.connections.pooling - HHH10001005: Database info:
	Database JDBC URL [Connecting through datasource 'HikariDataSource (HikariPool-1)']
	Database driver: undefined/unknown
	Database version: 17.5
	Autocommit mode: undefined/unknown
	Isolation level: undefined/unknown
	Minimum pool size: undefined/unknown
	Maximum pool size: undefined/unknown
2026-04-30 12:58:16.555 INFO  [restartedMain] o.h.e.t.j.p.i.JtaPlatformInitiator - HHH000489: No JTA platform available (set 'hibernate.transaction.jta.platform' to enable JTA platform integration)
2026-04-30 12:58:16.583 INFO  [restartedMain] o.s.o.j.LocalContainerEntityManagerFactoryBean - Initialized JPA EntityManagerFactory for persistence unit 'default'
2026-04-30 12:58:16.656 INFO  [restartedMain] o.s.d.j.r.query.QueryEnhancerFactory - Hibernate is in classpath; If applicable, HQL parser will be used.
2026-04-30 12:58:17.037 INFO  [restartedMain] o.s.v.b.OptionalValidatorFactoryBean - Failed to set up a Bean Validation provider: jakarta.validation.NoProviderFoundException: Unable to create a Configuration, because no Jakarta Bean Validation provider could be found. Add a provider like Hibernate Validator (RI) to your classpath.
2026-04-30 12:58:17.161 INFO  [restartedMain] o.s.b.d.a.OptionalLiveReloadServer - LiveReload server is running on port 35729
2026-04-30 12:58:17.167 INFO  [restartedMain] o.apache.coyote.http11.Http11NioProtocol - Starting ProtocolHandler ["http-nio-4000"]
2026-04-30 12:58:17.173 INFO  [restartedMain] o.s.b.w.embedded.tomcat.TomcatWebServer - Tomcat started on port 4000 (http) with context path '/'
2026-04-30 12:58:17.176 INFO  [restartedMain] c.e.p.ProductServiceApplication - Started ProductServiceApplication in 1.858 seconds (process running for 2.142)
2026-04-30 12:58:21.113 INFO  [http-nio-4000-exec-1] o.a.c.c.C.[Tomcat].[localhost].[/] - Initializing Spring DispatcherServlet 'dispatcherServlet'
2026-04-30 12:58:21.114 INFO  [http-nio-4000-exec-1] o.s.web.servlet.DispatcherServlet - Initializing Servlet 'dispatcherServlet'
2026-04-30 12:58:21.115 INFO  [http-nio-4000-exec-1] o.s.web.servlet.DispatcherServlet - Completed initialization in 1 ms
2026-04-30 12:58:21.173 INFO  [http-nio-4000-exec-1] c.e.productservice.service.ProductQuery - CategoryStockInfoDto(categoryName=Accessories, categoryId=550e8400-e29b-41d4-a716-446655440003, totalCount=5, inStockCount=5, outOfStockCount=0)
2026-04-30 12:58:21.173 INFO  [http-nio-4000-exec-1] c.e.productservice.service.ProductQuery - CategoryStockInfoDto(categoryName=Cables, categoryId=550e8400-e29b-41d4-a716-446655440005, totalCount=3, inStockCount=3, outOfStockCount=0)
2026-04-30 12:58:21.173 INFO  [http-nio-4000-exec-1] c.e.productservice.service.ProductQuery - CategoryStockInfoDto(categoryName=Peripherals, categoryId=550e8400-e29b-41d4-a716-446655440006, totalCount=4, inStockCount=3, outOfStockCount=1)
2026-04-30 12:58:21.173 INFO  [http-nio-4000-exec-1] c.e.productservice.service.ProductQuery - CategoryStockInfoDto(categoryName=Lighting, categoryId=550e8400-e29b-41d4-a716-446655440004, totalCount=3, inStockCount=3, outOfStockCount=0)
2026-04-30 12:58:21.173 INFO  [http-nio-4000-exec-1] c.e.productservice.service.ProductQuery - CategoryStockInfoDto(categoryName=Audio, categoryId=550e8400-e29b-41d4-a716-446655440002, totalCount=5, inStockCount=4, outOfStockCount=1)
2026-04-30 12:58:21.191 INFO  [http-nio-4000-exec-2] c.e.productservice.service.ProductQuery - CategoryStockInfoDto(categoryName=Accessories, categoryId=550e8400-e29b-41d4-a716-446655440003, totalCount=5, inStockCount=5, outOfStockCount=0)
2026-04-30 12:58:21.191 INFO  [http-nio-4000-exec-2] c.e.productservice.service.ProductQuery - CategoryStockInfoDto(categoryName=Cables, categoryId=550e8400-e29b-41d4-a716-446655440005, totalCount=3, inStockCount=3, outOfStockCount=0)
2026-04-30 12:58:21.191 INFO  [http-nio-4000-exec-2] c.e.productservice.service.ProductQuery - CategoryStockInfoDto(categoryName=Peripherals, categoryId=550e8400-e29b-41d4-a716-446655440006, totalCount=4, inStockCount=3, outOfStockCount=1)
2026-04-30 12:58:21.191 INFO  [http-nio-4000-exec-2] c.e.productservice.service.ProductQuery - CategoryStockInfoDto(categoryName=Lighting, categoryId=550e8400-e29b-41d4-a716-446655440004, totalCount=3, inStockCount=3, outOfStockCount=0)
2026-04-30 12:58:21.191 INFO  [http-nio-4000-exec-2] c.e.productservice.service.ProductQuery - CategoryStockInfoDto(categoryName=Audio, categoryId=550e8400-e29b-41d4-a716-446655440002, totalCount=5, inStockCount=4, outOfStockCount=1)
2026-04-30 12:58:51.527 INFO  [http-nio-4000-exec-3] c.e.productservice.service.ProductQuery - CategoryStockInfoDto(categoryName=Accessories, categoryId=550e8400-e29b-41d4-a716-446655440003, totalCount=5, inStockCount=5, outOfStockCount=0)
2026-04-30 12:58:51.528 INFO  [http-nio-4000-exec-3] c.e.productservice.service.ProductQuery - CategoryStockInfoDto(categoryName=Cables, categoryId=550e8400-e29b-41d4-a716-446655440005, totalCount=3, inStockCount=3, outOfStockCount=0)
2026-04-30 12:58:51.528 INFO  [http-nio-4000-exec-3] c.e.productservice.service.ProductQuery - CategoryStockInfoDto(categoryName=Peripherals, categoryId=550e8400-e29b-41d4-a716-446655440006, totalCount=4, inStockCount=3, outOfStockCount=1)
2026-04-30 12:58:51.528 INFO  [http-nio-4000-exec-3] c.e.productservice.service.ProductQuery - CategoryStockInfoDto(categoryName=Lighting, categoryId=550e8400-e29b-41d4-a716-446655440004, totalCount=3, inStockCount=3, outOfStockCount=0)
2026-04-30 12:58:51.528 INFO  [http-nio-4000-exec-3] c.e.productservice.service.ProductQuery - CategoryStockInfoDto(categoryName=Audio, categoryId=550e8400-e29b-41d4-a716-446655440002, totalCount=5, inStockCount=4, outOfStockCount=1)
2026-04-30 12:58:51.537 INFO  [http-nio-4000-exec-4] c.e.productservice.service.ProductQuery - CategoryStockInfoDto(categoryName=Accessories, categoryId=550e8400-e29b-41d4-a716-446655440003, totalCount=5, inStockCount=5, outOfStockCount=0)
2026-04-30 12:58:51.537 INFO  [http-nio-4000-exec-4] c.e.productservice.service.ProductQuery - CategoryStockInfoDto(categoryName=Cables, categoryId=550e8400-e29b-41d4-a716-446655440005, totalCount=3, inStockCount=3, outOfStockCount=0)
2026-04-30 12:58:51.537 INFO  [http-nio-4000-exec-4] c.e.productservice.service.ProductQuery - CategoryStockInfoDto(categoryName=Peripherals, categoryId=550e8400-e29b-41d4-a716-446655440006, totalCount=4, inStockCount=3, outOfStockCount=1)
2026-04-30 12:58:51.538 INFO  [http-nio-4000-exec-4] c.e.productservice.service.ProductQuery - CategoryStockInfoDto(categoryName=Lighting, categoryId=550e8400-e29b-41d4-a716-446655440004, totalCount=3, inStockCount=3, outOfStockCount=0)
2026-04-30 12:58:51.538 INFO  [http-nio-4000-exec-4] c.e.productservice.service.ProductQuery - CategoryStockInfoDto(categoryName=Audio, categoryId=550e8400-e29b-41d4-a716-446655440002, totalCount=5, inStockCount=4, outOfStockCount=1)
2026-04-30 12:59:01.063 INFO  [http-nio-4000-exec-5] c.e.productservice.service.ProductQuery - CategoryStockInfoDto(categoryName=Accessories, categoryId=550e8400-e29b-41d4-a716-446655440003, totalCount=5, inStockCount=5, outOfStockCount=0)
2026-04-30 12:59:01.064 INFO  [http-nio-4000-exec-5] c.e.productservice.service.ProductQuery - CategoryStockInfoDto(categoryName=Cables, categoryId=550e8400-e29b-41d4-a716-446655440005, totalCount=3, inStockCount=3, outOfStockCount=0)
2026-04-30 12:59:01.064 INFO  [http-nio-4000-exec-5] c.e.productservice.service.ProductQuery - CategoryStockInfoDto(categoryName=Peripherals, categoryId=550e8400-e29b-41d4-a716-446655440006, totalCount=4, inStockCount=3, outOfStockCount=1)
2026-04-30 12:59:01.064 INFO  [http-nio-4000-exec-5] c.e.productservice.service.ProductQuery - CategoryStockInfoDto(categoryName=Lighting, categoryId=550e8400-e29b-41d4-a716-446655440004, totalCount=3, inStockCount=3, outOfStockCount=0)
2026-04-30 12:59:01.064 INFO  [http-nio-4000-exec-5] c.e.productservice.service.ProductQuery - CategoryStockInfoDto(categoryName=Audio, categoryId=550e8400-e29b-41d4-a716-446655440002, totalCount=5, inStockCount=4, outOfStockCount=1)
2026-04-30 12:59:01.072 INFO  [http-nio-4000-exec-6] c.e.productservice.service.ProductQuery - CategoryStockInfoDto(categoryName=Accessories, categoryId=550e8400-e29b-41d4-a716-446655440003, totalCount=5, inStockCount=5, outOfStockCount=0)
2026-04-30 12:59:01.072 INFO  [http-nio-4000-exec-6] c.e.productservice.service.ProductQuery - CategoryStockInfoDto(categoryName=Cables, categoryId=550e8400-e29b-41d4-a716-446655440005, totalCount=3, inStockCount=3, outOfStockCount=0)
2026-04-30 12:59:01.072 INFO  [http-nio-4000-exec-6] c.e.productservice.service.ProductQuery - CategoryStockInfoDto(categoryName=Peripherals, categoryId=550e8400-e29b-41d4-a716-446655440006, totalCount=4, inStockCount=3, outOfStockCount=1)
2026-04-30 12:59:01.073 INFO  [http-nio-4000-exec-6] c.e.productservice.service.ProductQuery - CategoryStockInfoDto(categoryName=Lighting, categoryId=550e8400-e29b-41d4-a716-446655440004, totalCount=3, inStockCount=3, outOfStockCount=0)
2026-04-30 12:59:01.073 INFO  [http-nio-4000-exec-6] c.e.productservice.service.ProductQuery - CategoryStockInfoDto(categoryName=Audio, categoryId=550e8400-e29b-41d4-a716-446655440002, totalCount=5, inStockCount=4, outOfStockCount=1)
2026-04-30 13:04:42.660 INFO  [http-nio-4000-exec-9] c.e.productservice.service.ProductQuery - ProductDetailsDto(id=660e8400-e29b-41d4-a716-446655440001, productName=Wireless Earbuds Pro, categoryName=Audio, categoryId=550e8400-e29b-41d4-a716-446655440002, price=849.00, comparePrice=1299.00, availableStock=8, createdAt=2026-03-29T16:17:28.391757, status=ACTIVE, productImageUrl=https://img.stockflow.in/prod/earbuds-pro.jpg)
2026-04-30 13:04:42.661 INFO  [http-nio-4000-exec-9] c.e.productservice.service.ProductQuery - ProductDetailsDto(id=660e8400-e29b-41d4-a716-446655440006, productName=Mechanical Keyboard TKL, categoryName=Peripherals, categoryId=550e8400-e29b-41d4-a716-446655440006, price=8500.00, comparePrice=null, availableStock=4, createdAt=2026-04-05T16:17:28.391757, status=ACTIVE, productImageUrl=https://img.stockflow.in/prod/keyboard-tkl.jpg)
2026-04-30 13:04:42.661 INFO  [http-nio-4000-exec-9] c.e.productservice.service.ProductQuery - ProductDetailsDto(id=660e8400-e29b-41d4-a716-446655440015, productName=Smart LED Desk Lamp, categoryName=Lighting, categoryId=550e8400-e29b-41d4-a716-446655440004, price=600.00, comparePrice=850.00, availableStock=2, createdAt=2026-04-02T16:17:28.391757, status=ACTIVE, productImageUrl=https://img.stockflow.in/prod/desk-lamp.jpg)
2026-04-30 13:04:42.661 INFO  [http-nio-4000-exec-9] c.e.productservice.service.ProductQuery - ProductDetailsDto(id=660e8400-e29b-41d4-a716-446655440010, productName=USB-C Hub 7-in-1, categoryName=Accessories, categoryId=550e8400-e29b-41d4-a716-446655440003, price=799.00, comparePrice=999.00, availableStock=23, createdAt=2026-03-31T16:17:28.391757, status=ACTIVE, productImageUrl=https://img.stockflow.in/prod/usb-hub.jpg)
2026-04-30 13:04:42.661 INFO  [http-nio-4000-exec-9] c.e.productservice.service.ProductQuery - ProductDetailsDto(id=660e8400-e29b-41d4-a716-446655440012, productName=Phone Stand Adjustable, categoryName=Accessories, categoryId=550e8400-e29b-41d4-a716-446655440003, price=299.00, comparePrice=null, availableStock=18, createdAt=2026-03-14T16:17:28.391757, status=ACTIVE, productImageUrl=https://img.stockflow.in/prod/phone-stand.jpg)
2026-04-30 13:04:42.661 INFO  [http-nio-4000-exec-9] c.e.productservice.service.ProductQuery - ProductDetailsDto(id=660e8400-e29b-41d4-a716-446655440002, productName=Noise-Cancel Headphones, categoryName=Audio, categoryId=550e8400-e29b-41d4-a716-446655440002, price=3499.00, comparePrice=4999.00, availableStock=34, createdAt=2026-04-03T16:17:28.391757, status=ACTIVE, productImageUrl=https://img.stockflow.in/prod/headphones.jpg)
2026-04-30 13:04:42.661 INFO  [http-nio-4000-exec-9] c.e.productservice.service.ProductQuery - ProductDetailsDto(id=660e8400-e29b-41d4-a716-446655440003, productName=Bluetooth Speaker Mini, categoryName=Audio, categoryId=550e8400-e29b-41d4-a716-446655440002, price=1299.00, comparePrice=null, availableStock=56, createdAt=2026-03-19T16:17:28.391757, status=ACTIVE, productImageUrl=https://img.stockflow.in/prod/speaker-mini.jpg)
2026-04-30 13:04:42.662 INFO  [http-nio-4000-exec-9] c.e.productservice.service.ProductQuery - ProductDetailsDto(id=660e8400-e29b-41d4-a716-446655440004, productName=Studio Monitor Speakers, categoryName=Audio, categoryId=550e8400-e29b-41d4-a716-446655440002, price=12500.00, comparePrice=null, availableStock=12, createdAt=2026-03-09T16:17:28.391757, status=ACTIVE, productImageUrl=https://img.stockflow.in/prod/studio-monitors.jpg)
2026-04-30 13:04:42.662 INFO  [http-nio-4000-exec-9] c.e.productservice.service.ProductQuery - ProductDetailsDto(id=660e8400-e29b-41d4-a716-446655440007, productName=Webcam 4K Pro, categoryName=Peripherals, categoryId=550e8400-e29b-41d4-a716-446655440006, price=7000.00, comparePrice=null, availableStock=88, createdAt=2026-03-27T16:17:28.391757, status=ACTIVE, productImageUrl=https://img.stockflow.in/prod/webcam-4k.jpg)
2026-04-30 13:04:42.662 INFO  [http-nio-4000-exec-9] c.e.productservice.service.ProductQuery - ProductDetailsDto(id=660e8400-e29b-41d4-a716-446655440008, productName=Wireless Gaming Mouse, categoryName=Peripherals, categoryId=550e8400-e29b-41d4-a716-446655440006, price=4299.00, comparePrice=null, availableStock=40, createdAt=2026-03-21T16:17:28.391757, status=ACTIVE, productImageUrl=https://img.stockflow.in/prod/gaming-mouse.jpg)
2026-04-30 13:04:42.662 INFO  [http-nio-4000-exec-9] c.e.productservice.service.ProductQuery - ProductDetailsDto(id=660e8400-e29b-41d4-a716-446655440011, productName=Laptop Stand Aluminium, categoryName=Accessories, categoryId=550e8400-e29b-41d4-a716-446655440003, price=699.00, comparePrice=null, availableStock=132, createdAt=2026-03-17T16:17:28.391757, status=ACTIVE, productImageUrl=https://img.stockflow.in/prod/laptop-stand.jpg)
2026-04-30 13:04:42.662 INFO  [http-nio-4000-exec-9] c.e.productservice.service.ProductQuery - ProductDetailsDto(id=660e8400-e29b-41d4-a716-446655440013, productName=Laptop Sleeve 15-inch, categoryName=Accessories, categoryId=550e8400-e29b-41d4-a716-446655440003, price=899.00, comparePrice=null, availableStock=65, createdAt=2026-03-04T16:17:28.391757, status=ACTIVE, productImageUrl=https://img.stockflow.in/prod/laptop-sleeve.jpg)
2026-04-30 13:04:42.662 INFO  [http-nio-4000-exec-9] c.e.productservice.service.ProductQuery - ProductDetailsDto(id=660e8400-e29b-41d4-a716-446655440014, productName=Cable Organizer Kit, categoryName=Accessories, categoryId=550e8400-e29b-41d4-a716-446655440003, price=249.00, comparePrice=null, availableStock=120, createdAt=2026-02-27T16:17:28.391757, status=ACTIVE, productImageUrl=https://img.stockflow.in/prod/cable-organizer.jpg)
2026-04-30 13:04:42.662 INFO  [http-nio-4000-exec-9] c.e.productservice.service.ProductQuery - ProductDetailsDto(id=660e8400-e29b-41d4-a716-446655440016, productName=LED Strip RGB 5m, categoryName=Lighting, categoryId=550e8400-e29b-41d4-a716-446655440004, price=1299.00, comparePrice=null, availableStock=72, createdAt=2026-03-11T16:17:28.391757, status=ACTIVE, productImageUrl=https://img.stockflow.in/prod/led-strip.jpg)
2026-04-30 13:04:42.662 INFO  [http-nio-4000-exec-9] c.e.productservice.service.ProductQuery - ProductDetailsDto(id=660e8400-e29b-41d4-a716-446655440017, productName=Monitor Light Bar, categoryName=Lighting, categoryId=550e8400-e29b-41d4-a716-446655440004, price=2499.00, comparePrice=null, availableStock=35, createdAt=2026-03-25T16:17:28.391757, status=ACTIVE, productImageUrl=https://img.stockflow.in/prod/monitor-light.jpg)
2026-04-30 13:04:42.662 INFO  [http-nio-4000-exec-9] c.e.productservice.service.ProductQuery - ProductDetailsDto(id=660e8400-e29b-41d4-a716-446655440018, productName=USB-A to USB-C Cable, categoryName=Cables, categoryId=550e8400-e29b-41d4-a716-446655440005, price=199.00, comparePrice=null, availableStock=295, createdAt=2026-02-17T16:17:28.391757, status=ACTIVE, productImageUrl=https://img.stockflow.in/prod/usb-c-cable.jpg)
2026-04-30 13:04:42.662 INFO  [http-nio-4000-exec-9] c.e.productservice.service.ProductQuery - ProductDetailsDto(id=660e8400-e29b-41d4-a716-446655440019, productName=HDMI 2.1 Cable 2m, categoryName=Cables, categoryId=550e8400-e29b-41d4-a716-446655440005, price=599.00, comparePrice=null, availableStock=205, createdAt=2026-03-07T16:17:28.391757, status=ACTIVE, productImageUrl=https://img.stockflow.in/prod/hdmi-cable.jpg)
2026-04-30 13:04:42.662 INFO  [http-nio-4000-exec-9] c.e.productservice.service.ProductQuery - ProductDetailsDto(id=660e8400-e29b-41d4-a716-446655440020, productName=Lightning to USB-C Cable, categoryName=Cables, categoryId=550e8400-e29b-41d4-a716-446655440005, price=799.00, comparePrice=999.00, availableStock=90, createdAt=2026-03-23T16:17:28.391757, status=ACTIVE, productImageUrl=https://img.stockflow.in/prod/lightning-cable.jpg)
2026-04-30 13:07:28.557 INFO  [http-nio-4000-exec-2] c.e.productservice.service.ProductQuery - CategoryStockInfoDto(categoryName=Accessories, categoryId=550e8400-e29b-41d4-a716-446655440003, totalCount=5, inStockCount=5, outOfStockCount=0)
2026-04-30 13:07:28.558 INFO  [http-nio-4000-exec-2] c.e.productservice.service.ProductQuery - CategoryStockInfoDto(categoryName=Cables, categoryId=550e8400-e29b-41d4-a716-446655440005, totalCount=3, inStockCount=3, outOfStockCount=0)
2026-04-30 13:07:28.558 INFO  [http-nio-4000-exec-2] c.e.productservice.service.ProductQuery - CategoryStockInfoDto(categoryName=Peripherals, categoryId=550e8400-e29b-41d4-a716-446655440006, totalCount=4, inStockCount=3, outOfStockCount=1)
2026-04-30 13:07:28.558 INFO  [http-nio-4000-exec-2] c.e.productservice.service.ProductQuery - CategoryStockInfoDto(categoryName=Lighting, categoryId=550e8400-e29b-41d4-a716-446655440004, totalCount=3, inStockCount=3, outOfStockCount=0)
2026-04-30 13:07:28.558 INFO  [http-nio-4000-exec-2] c.e.productservice.service.ProductQuery - CategoryStockInfoDto(categoryName=Audio, categoryId=550e8400-e29b-41d4-a716-446655440002, totalCount=5, inStockCount=4, outOfStockCount=1)
2026-04-30 13:40:17.511 INFO  [SpringApplicationShutdownHook] o.s.b.w.embedded.tomcat.GracefulShutdown - Commencing graceful shutdown. Waiting for active requests to complete
2026-04-30 13:40:17.515 INFO  [tomcat-shutdown] o.s.b.w.embedded.tomcat.GracefulShutdown - Graceful shutdown complete
2026-04-30 13:40:17.518 INFO  [SpringApplicationShutdownHook] o.s.o.j.LocalContainerEntityManagerFactoryBean - Closing JPA EntityManagerFactory for persistence unit 'default'
2026-04-30 13:40:17.521 INFO  [SpringApplicationShutdownHook] com.zaxxer.hikari.HikariDataSource - HikariPool-1 - Shutdown initiated...
2026-04-30 13:40:17.522 INFO  [SpringApplicationShutdownHook] com.zaxxer.hikari.HikariDataSource - HikariPool-1 - Shutdown completed.
